\BOOKMARK [2][-]{subsection.0.1}{Prueba GD1}{}% 1
\BOOKMARK [2][-]{subsection.0.2}{Prueba GD2}{}% 2
