\BOOKMARK [2][-]{subsection.0.1}{prueba 1}{}% 1
\BOOKMARK [2][-]{subsection.0.2}{prueba 2}{}% 2
