\BOOKMARK [2][-]{subsection.0.1}{Prueba FL1}{}% 1
\BOOKMARK [2][-]{subsection.0.2}{Prueba FL2}{}% 2
\BOOKMARK [2][-]{subsection.0.3}{Prueba FL3}{}% 3
\BOOKMARK [2][-]{subsection.0.4}{Prueba FB1}{}% 4
\BOOKMARK [2][-]{subsection.0.5}{Prueba FB2}{}% 5
